[bdeinfo.org/index.html]
[backblue.gif]
[fade.gif]
[index.html]
[bdeinfo.org/assets/css/noscript.css]
[bdeinfo.org/assets/css/main.css]
[bdeinfo.org/index-2.html]
[bdeinfo.org/event.html]
[bdeinfo.org/images/logobde.png]
[bdeinfo.org/images/kfet.jpg]
[bdeinfo.org/images/event.jpg]
[bdeinfo.org/assets/js/jquery.min.js]
[bdeinfo.org/assets/js/jquery.scrolly.min.js]
[bdeinfo.org/assets/js/jquery.scrollex.min.js]
[bdeinfo.org/assets/js/breakpoints.min.js]
[bdeinfo.org/assets/js/browser.min.js]
[bdeinfo.org/index.html]
[bdeinfo.org/assets/js/util.js]
[bdeinfo.org/assets/js/main.js]
[bdeinfo.org/assets/css/fontawesome-all.min.css]
[bdeinfo.org/images/banner.jpg]
[bdeinfo.org/assets/css/main.css]
[bdeinfo.org/assets/css/noscript.css]
[bdeinfo.org/index-2.html]
[bdeinfo.org/kfet.html]
[bdeinfo.org/images/wes.jpg]
[bdeinfo.org/images/wef.jpg]
[bdeinfo.org/images/halloween.jpg]
[bdeinfo.org/event.html]
[bdeinfo.org/assets/webfonts/fa-brands-400.eot]
[bdeinfo.org/assets/webfonts/fa-brands-400d41d.eot]
[bdeinfo.org/assets/webfonts/fa-brands-400.woff2]
[bdeinfo.org/assets/webfonts/fa-brands-400.woff]
[bdeinfo.org/assets/webfonts/fa-brands-400.ttf]
[bdeinfo.org/assets/webfonts/fa-brands-400.svg]
[bdeinfo.org/assets/webfonts/fa-regular-400.eot]
[bdeinfo.org/assets/webfonts/fa-regular-400d41d.eot]
[bdeinfo.org/assets/webfonts/fa-regular-400.woff2]
[bdeinfo.org/assets/webfonts/fa-regular-400.woff]
[bdeinfo.org/assets/webfonts/fa-regular-400.ttf]
[bdeinfo.org/assets/webfonts/fa-solid-900.eot]
[bdeinfo.org/assets/webfonts/fa-solid-900d41d.eot]
[bdeinfo.org/assets/webfonts/fa-solid-900.woff2]
[bdeinfo.org/assets/webfonts/fa-regular-400.svg]
[bdeinfo.org/assets/webfonts/fa-solid-900.woff]
[bdeinfo.org/assets/webfonts/fa-solid-900.ttf]
[bdeinfo.org/assets/css/fontawesome-all.min.css]
[bdeinfo.org/kfet.html]
[bdeinfo.org/assets/webfonts/fa-brands-400.svg]
[bdeinfo.org/assets/webfonts/fa-regular-400.svg]
[bdeinfo.org/assets/webfonts/fa-solid-900.svg]
[bdeinfo.org/assets/webfonts/fa-solid-900.svg]
